<html>
<body>
<pre>
<h1>µVision Build Log</h1>
<h2>Tool Versions:</h2>
IDE-Version: ÂµVision V5.41.0.0
Copyright (C) 2024 ARM Ltd and ARM Germany GmbH. All rights reserved.
License Information: Gillbert William, qwerwer, LIC=LSNXV-PWJ95-SBREJ-U27FX-M43U1-DZSPF
 
Tool Versions:
Toolchain:       MDK-ARM Plus  Version: 5.41.0.0
Toolchain Path:  D:\Studying_SoftWare\KeilC\Keil_v5\ARM\ARMCLANG\Bin
C Compiler:      ArmClang.exe V6.22
Assembler:       Armasm.exe V6.22
Linker/Locator:  ArmLink.exe V6.22
Library Manager: ArmAr.exe V6.22
Hex Converter:   FromElf.exe V6.22
CPU DLL:         SARMCM3.DLL V5.41.0.0
Dialog DLL:      DCM.DLL V1.17.5.0
Target DLL:      STLink\ST-LINKIII-KEIL_SWO.dll V3.3.0.0
Dialog DLL:      TCM.DLL V1.56.4.0
 
<h2>Project:</h2>
D:\virtual_stm32_project\Debounce\MDK\debounce.uvprojx
Project File Date:  06/04/2025

<h2>Output:</h2>
*** Using Compiler 'V6.22', folder: 'D:\Studying_SoftWare\KeilC\Keil_v5\ARM\ARMCLANG\Bin'
Build target 'Target_1'
compiling main.c...
linking...
Program Size: Code=3764 RO-data=252 RW-data=0 ZI-data=1648  
".\Objects\debounce.axf" - 0 Error(s), 0 Warning(s).

<h2>Software Packages used:</h2>

Package Vendor: ARM
                https://www.keil.com/pack/ARM.CMSIS.6.1.0.pack
                ARM::CMSIS@6.1.0
                CMSIS (Common Microcontroller Software Interface Standard)
   * Component: CORE Version: 6.1.0

Package Vendor: Keil
                https://www.keil.com/pack/Keil.STM32F1xx_DFP.2.4.1.pack
                Keil::STM32F1xx_DFP@2.4.1
                STMicroelectronics STM32F1 Series Device Support, Drivers and Examples
   * Component: Startup Version: 1.0.0
   * Component: EXTI Version: 3.6.0
   * Component: Framework Version: 3.6.0
   * Component: GPIO Version: 3.6.0
   * Component: RCC Version: 3.6.0
   * Component: TIM Version: 3.6.0

<h2>Collection of Component include folders:</h2>
  ./RTE/Device/STM32F103C6
  ./RTE/_Target_1
  D:/Studying_SoftWare/KeilC/Arm/Packs/ARM/CMSIS/6.1.0/CMSIS/Core/Include
  D:/Studying_SoftWare/KeilC/Arm/Packs/Keil/STM32F1xx_DFP/2.4.1/Device/Include
  D:/Studying_SoftWare/KeilC/Arm/Packs/Keil/STM32F1xx_DFP/2.4.1/Device/StdPeriph_Driver/inc

<h2>Collection of Component Files used:</h2>

   * Component: ARM::CMSIS:CORE@6.1.0

   * Component: Keil::Device:Startup@1.0.0
      Include file:  RTE_Driver/Config/RTE_Device.h
      Source file:   Device/Source/ARM/STM32F1xx_OPT.s
      Source file:   Device/Source/system_stm32f10x.c
      Source file:   Device/Source/ARM/startup_stm32f10x_ld.s

   * Component: Keil::Device:StdPeriph Drivers:EXTI@3.6.0
      Source file:   Device/StdPeriph_Driver/src/stm32f10x_exti.c
      Include file:  Device/StdPeriph_Driver/inc/stm32f10x_exti.h

   * Component: Keil::Device:StdPeriph Drivers:Framework@3.6.0
      Source file:   Device/StdPeriph_Driver/templates/stm32f10x_it.c
      Include file:  Device/StdPeriph_Driver/inc/misc.h
      Source file:   Device/StdPeriph_Driver/templates/stm32f10x_conf.h
      Source file:   Device/StdPeriph_Driver/src/misc.c
      Include file:  Device/StdPeriph_Driver/templates/stm32f10x_it.h

   * Component: Keil::Device:StdPeriph Drivers:GPIO@3.6.0
      Source file:   Device/StdPeriph_Driver/src/stm32f10x_gpio.c
      Include file:  Device/StdPeriph_Driver/inc/stm32f10x_gpio.h

   * Component: Keil::Device:StdPeriph Drivers:RCC@3.6.0
      Source file:   Device/StdPeriph_Driver/src/stm32f10x_rcc.c
      Include file:  Device/StdPeriph_Driver/inc/stm32f10x_rcc.h

   * Component: Keil::Device:StdPeriph Drivers:TIM@3.6.0
      Include file:  Device/StdPeriph_Driver/inc/stm32f10x_tim.h
      Source file:   Device/StdPeriph_Driver/src/stm32f10x_tim.c
Build Time Elapsed:  00:00:04
</pre>
</body>
</html>
